=== exp1: CE traffic vs independent sm90 GEMM ===
world 4, GEMM on GPU 0, fp16 CUTLASS (TmaWarpSpecializedCooperative 128x256x64)
GPU 0: NVIDIA H20  sm_90  78 SMs  1980 MHz
GPU 1: NVIDIA H20  sm_90  78 SMs  1980 MHz
GPU 2: NVIDIA H20  sm_90  78 SMs  1980 MHz
GPU 3: NVIDIA H20  sm_90  78 SMs  1980 MHz
[note] lock clocks (nvidia-smi -lgc) before trusting slowdowns.

--- GEMM 2048x2048x2048 fp16: alone 156.5 us/iter (p95 156.9), 109.8 TFLOP/s, 1272 iters ---
pattern     msg    | ovl us/iter   ovl p95    S_c  TFLOP/s | alone GB/s   ovl GB/s | note
pull        64M    |       158.7     159.9  1.014    108.2 |     393.75     392.76 | 
push        64M    |       157.3     158.4  1.005    109.2 |     396.08     386.38 | 
allgather   64M    |       170.0     181.2  1.087    101.0 |     728.31     897.05 | 
bystander   64M    |       156.4     156.9  1.000    109.8 |     478.47    1075.96 | 
engine-only 64M    |       156.6     157.1  1.001    109.7 |     373.21     361.29 | 
local       64M    |       159.4     160.6  1.019    107.8 |    1514.68     413.60 | 
baseline recheck: alone 156.5 -> 156.0 us/iter (drift -0.3%)

--- GEMM 4096x4096x4096 fp16: alone 1037.0 us/iter (p95 1038.1), 132.5 TFLOP/s, 192 iters ---
pattern     msg    | ovl us/iter   ovl p95    S_c  TFLOP/s | alone GB/s   ovl GB/s | note
pull        64M    |      1040.6    1044.9  1.004    132.1 |     393.76     391.75 | 
push        64M    |      1036.8    1038.0  1.000    132.6 |     396.09     388.32 | 
allgather   64M    |      1048.7    1060.2  1.011    131.1 |     726.74     904.87 | 
bystander   64M    |      1036.5    1037.5  1.000    132.6 |     478.41    1061.69 | 
engine-only 64M    |      1036.5    1037.6  1.000    132.6 |     371.85     356.88 | 
local       64M    |      1067.0    1069.4  1.029    128.8 |    1510.07     173.20 | 
baseline recheck: alone 1037.0 -> 1037.0 us/iter (drift +0.0%)

--- GEMM 8192x8192x8192 fp16: alone 7886.1 us/iter (p95 7889.8), 139.4 TFLOP/s, 25 iters ---
pattern     msg    | ovl us/iter   ovl p95    S_c  TFLOP/s | alone GB/s   ovl GB/s | note
pull        64M    |      7886.8    7890.6  1.000    139.4 |     393.84     391.96 | 
push        64M    |      7886.1    7889.6  1.000    139.4 |     396.08     387.44 | 
allgather   64M    |      7897.8    7909.2  1.001    139.2 |     728.35     930.26 | 
bystander   64M    |      7886.6    7890.3  1.000    139.4 |     478.30    1083.88 | 
engine-only 64M    |      7886.6    7891.2  1.000    139.4 |     372.60     365.59 | 
local       64M    |      7891.3    7920.4  1.001    139.3 |    1509.97      52.96 | 
baseline recheck: alone 7886.1 -> 7896.0 us/iter (drift +0.1%)

S_c = GEMM iter time overlapped / alone. Compare patterns:
  bystander ~1.00 and pull/push > 1.00  => local HBM contention
  engine-only ~1.00                     => CE engine itself is free
  local >= pull/push                    => per-byte HBM cost ordering
