=== exp2: AG+GEMM overlap granularity sweep ===
world 4, GEMM on GPU 0, push mode, one comm stream per peer
GPU 0: NVIDIA H20  sm_90  78 SMs  1980 MHz
GPU 1: NVIDIA H20  sm_90  78 SMs  1980 MHz
GPU 2: NVIDIA H20  sm_90  78 SMs  1980 MHz
GPU 3: NVIDIA H20  sm_90  78 SMs  1980 MHz

--- 8192x8192x8192 fp16 (shard M=2048, AG volume 96.0 MiB): full GEMM 7887.3 us, 139.4 TFLOP/s ---
   S   rows  chunkMiB |  t_seg us  segeff |    t_comm    GB/s |  t_ovl us  TFLOPs  ovl_eff   bub% | ver
   1   2048     32.00 |    8172.7   0.965 |     262.8   383.0 |    8204.0   134.0    0.881   0.4% | -
   2   1024     16.00 |    9369.1   0.842 |     262.5   383.5 |    9396.3   117.0    0.896   0.3% | -
   4    512      8.00 |    9406.9   0.838 |     262.4   383.7 |    9447.7   116.4    0.844   0.4% | -
   8    256      4.00 |    9510.6   0.829 |     262.4   383.6 |    9564.4   115.0    0.795   0.6% | -
  16    128      2.00 |   19027.0   0.415 |     270.3   372.4 |   19099.3    57.6    0.732   0.4% | -
  32     64      1.00 |   37994.2   0.208 |     294.7   341.5 |   38140.9    28.8    0.503   0.4% | -

seg_eff = t_full/t_seg (segmentation-only GEMM efficiency).
ovl_eff = (t_seg + t_comm - t_ovl) / min(t_seg, t_comm); 1.0 means the
shorter phase is fully hidden. bub% = t_ovl over max(t_seg, t_comm).
The sweet spot is the S with the lowest t_ovl: finer chunks start compute
earlier but pay tile quantization + per-chunk signalling; coarser chunks
expose the first chunk's flight time.
