=== exp1: CE traffic vs independent sm90 GEMM ===
world 4, GEMM on GPU 0, fp16 CUTLASS (TmaWarpSpecializedCooperative 128x256x64)
GPU 0: NVIDIA H800  sm_90  132 SMs  1980 MHz
GPU 1: NVIDIA H800  sm_90  132 SMs  1980 MHz
GPU 2: NVIDIA H800  sm_90  132 SMs  1980 MHz
GPU 3: NVIDIA H800  sm_90  132 SMs  1980 MHz
[note] lock clocks (nvidia-smi -lgc) before trusting slowdowns.

--- GEMM 2048x2048x2048 fp16: alone 30.0 us/iter (p95 30.2), 573.5 TFLOP/s, 2048 iters ---
pattern     msg    | ovl us/iter   ovl p95    S_c  TFLOP/s | alone GB/s   ovl GB/s | note
pull        64M    |        32.1      33.4  1.070    536.0 |     176.38     164.33 | 
push        64M    |        31.0      32.1  1.034    554.5 |     176.46     162.62 | 
allgather   64M    |        39.8      46.8  1.329    431.6 |     348.75     372.34 | 
bystander   64M    |        30.0      30.2  1.001    573.0 |     316.91     497.49 | 
engine-only 64M    |        29.9      30.4  0.998    575.0 |     171.04     153.29 | 
local       64M    |        66.7      69.2  2.228    257.4 |    1398.57     976.51 | 
baseline recheck: alone 30.0 -> 30.1 us/iter (drift +0.5%)

--- GEMM 4096x4096x4096 fp16: alone 212.9 us/iter (p95 214.3), 645.7 TFLOP/s, 939 iters ---
pattern     msg    | ovl us/iter   ovl p95    S_c  TFLOP/s | alone GB/s   ovl GB/s | note
pull        64M    |       218.2     220.1  1.025    630.0 |     176.44     171.45 | 
push        64M    |       216.0     219.1  1.015    636.3 |     176.46     173.16 | 
allgather   64M    |       225.6     233.5  1.060    609.1 |     348.66     418.69 | 
bystander   64M    |       212.1     213.7  0.997    647.9 |     316.93     497.74 | 
engine-only 64M    |       213.1     216.2  1.001    645.1 |     171.11     167.20 | 
local       64M    |       238.4     242.1  1.120    576.6 |    1395.18     246.57 | 
baseline recheck: alone 212.9 -> 214.1 us/iter (drift +0.6%)

--- GEMM 8192x8192x8192 fp16: alone 1704.8 us/iter (p95 1774.0), 645.0 TFLOP/s, 111 iters ---
pattern     msg    | ovl us/iter   ovl p95    S_c  TFLOP/s | alone GB/s   ovl GB/s | note
pull        64M    |      1730.0    1836.4  1.015    635.6 |     176.39     173.63 | 
push        64M    |      1726.3    1831.9  1.013    636.9 |     176.46     173.99 | 
allgather   64M    |      1741.3    1845.4  1.021    631.4 |     348.73     375.65 | 
bystander   64M    |      1710.9    1789.2  1.004    642.7 |     316.93     489.81 | 
engine-only 64M    |      1710.8    1782.0  1.004    642.7 |     171.07     165.00 | 
local       64M    |      1806.4    1911.4  1.060    608.7 |    1394.61     107.40 | 
baseline recheck: alone 1704.8 -> 1699.7 us/iter (drift -0.3%)

S_c = GEMM iter time overlapped / alone. Compare patterns:
  bystander ~1.00 and pull/push > 1.00  => local HBM contention
  engine-only ~1.00                     => CE engine itself is free
  local >= pull/push                    => per-byte HBM cost ordering
