=== exp2: AG+GEMM overlap granularity sweep ===
world 4, GEMM on GPU 0, pull mode, one comm stream per peer
GPU 0: NVIDIA H800  sm_90  132 SMs  1980 MHz
GPU 1: NVIDIA H800  sm_90  132 SMs  1980 MHz
GPU 2: NVIDIA H800  sm_90  132 SMs  1980 MHz
GPU 3: NVIDIA H800  sm_90  132 SMs  1980 MHz

--- 8192x8192x8192 fp16 (shard M=2048, AG volume 96.0 MiB): full GEMM 1783.6 us, 616.5 TFLOP/s ---
   S   rows  chunkMiB |  t_seg us  segeff |    t_comm    GB/s |  t_ovl us  TFLOPs  ovl_eff   bub% | ver
   1   2048     32.00 |    1366.7   1.305 |     578.5   174.0 |    1804.8   609.2    0.243  32.1% | -
   2   1024     16.00 |    1510.8   1.181 |     578.6   174.0 |    1706.6   644.3    0.662  13.0% | -
   4    512      8.00 |    1635.2   1.091 |     582.5   172.8 |    1826.8   601.9    0.671  11.7% | -
   8    256      4.00 |    2680.2   0.665 |     581.6   173.1 |    2821.8   389.6    0.756   5.3% | -
  16    128      2.00 |    5218.4   0.342 |     584.5   172.2 |    5289.4   207.9    0.879   1.4% | -
  32     64      1.00 |   10350.2   0.172 |     613.0   164.2 |   10496.7   104.7    0.761   1.4% | -

--- 16384x8192x8192 fp16 (shard M=4096, AG volume 192.0 MiB): full GEMM 3606.2 us, 609.8 TFLOP/s ---
   S   rows  chunkMiB |  t_seg us  segeff |    t_comm    GB/s |  t_ovl us  TFLOPs  ovl_eff   bub% | ver
   1   4096     64.00 |    2903.6   1.242 |    1144.4   175.9 |    3724.5   590.4    0.283  28.3% | -
   2   2048     32.00 |    2807.3   1.285 |    1145.3   175.8 |    3304.2   665.5    0.566  17.7% | -
   4   1024     16.00 |    3067.8   1.176 |    1145.8   175.7 |    3437.3   639.8    0.678  12.0% | -
   8    512      8.00 |    3270.7   1.103 |    1158.2   173.8 |    3663.9   600.2    0.660  12.0% | -
  16    256      4.00 |    5411.6   0.666 |    1163.6   173.0 |    5680.4   387.1    0.769   5.0% | -
  32    128      2.00 |   10469.9   0.344 |    1166.0   172.7 |   10524.1   209.0    0.954   0.5% | -

seg_eff = t_full/t_seg (segmentation-only GEMM efficiency).
ovl_eff = (t_seg + t_comm - t_ovl) / min(t_seg, t_comm); 1.0 means the
shorter phase is fully hidden. bub% = t_ovl over max(t_seg, t_comm).
The sweet spot is the S with the lowest t_ovl: finer chunks start compute
earlier but pay tile quantization + per-chunk signalling; coarser chunks
expose the first chunk's flight time.
