=== exp2: AG+GEMM overlap granularity sweep ===
world 4, GEMM on GPU 0, pull mode, single serial comm stream
GPU 0: NVIDIA H800  sm_90  132 SMs  1980 MHz
GPU 1: NVIDIA H800  sm_90  132 SMs  1980 MHz
GPU 2: NVIDIA H800  sm_90  132 SMs  1980 MHz
GPU 3: NVIDIA H800  sm_90  132 SMs  1980 MHz

--- 8192x8192x8192 fp16 (shard M=2048, AG volume 96.0 MiB): full GEMM 1812.2 us, 606.7 TFLOP/s ---
   S   rows  chunkMiB |  t_seg us  segeff |    t_comm    GB/s |  t_ovl us  TFLOPs  ovl_eff   bub% | ver
   1   2048     32.00 |    1340.4   1.352 |     601.8   167.3 |    1643.4   669.0    0.497  22.6% | -
   2   1024     16.00 |    1510.2   1.200 |     631.4   159.4 |    1716.7   640.5    0.673  13.7% | -
   4    512      8.00 |    1630.8   1.111 |     688.2   146.3 |    1823.1   603.1    0.721  11.8% | -
   8    256      4.00 |    2834.8   0.639 |     798.5   126.1 |    2816.7   390.4    1.023  -0.6% | -
  16    128      2.00 |    5252.1   0.345 |     997.3   100.9 |    5278.8   208.3    0.973   0.5% | -
  32     64      1.00 |   10356.1   0.175 |    1438.5    70.0 |   10474.3   105.0    0.918   1.1% | -

seg_eff = t_full/t_seg (segmentation-only GEMM efficiency).
ovl_eff = (t_seg + t_comm - t_ovl) / min(t_seg, t_comm); 1.0 means the
shorter phase is fully hidden. bub% = t_ovl over max(t_seg, t_comm).
The sweet spot is the S with the lowest t_ovl: finer chunks start compute
earlier but pay tile quantization + per-chunk signalling; coarser chunks
expose the first chunk's flight time.
