=== exp3 v2: fused GEMM+RS (flux sm90 design) vs stock GEMM ===
world 4 (1 process per GPU, cudaIPC), 16384x8192x8192 fp16 per rank
tile 128x256x64 cluster 1x2x1, mainloop stages: baseline 4, ctrl/fused 3 (DMA smem carveout)
epilogue StagesC 4 StagesD 2 (builder default; flux gemm_v3_reduce_scatter forces StagesD=1)
RS pull volume per rank: 192.0 MiB, grid 132 blocks

rank |      base us  TFLOP/s |    ctrl us |     fused us  TFLOP/s | struct   comm  total | pull GB/s | verify
   0 |       3507.6    626.9 |     3433.0 |       3768.1    583.6 |  0.979  1.098  1.074 |      53.4 | ok (rel 0.018)
   1 |       3566.3    616.6 |     3493.9 |       3798.7    578.9 |  0.980  1.087  1.065 |      53.0 | ok (rel 0.0201)
   2 |       3554.3    618.7 |     3474.0 |       3816.2    576.2 |  0.977  1.099  1.074 |      52.8 | ok (rel 0.0207)
   3 |       3501.6    628.0 |     3406.8 |       3791.5    580.0 |  0.973  1.113  1.083 |      53.1 | ok (rel 0.0233)

rank |   base p50   ctrl p50   fusd p50 | comm p50 comm avg comm skew | comm abs us
   0 |     3430.3     3392.3     3744.2 |    1.104    1.098    1.078 |     335.2
   1 |     3546.3     3467.4     3782.0 |    1.091    1.087    1.087 |     304.9
   2 |     3516.3     3437.8     3805.4 |    1.107    1.099    1.092 |     342.3
   3 |     3483.8     3391.7     3772.4 |    1.112    1.113    1.085 |     384.6
comm p50  = fused_p50/ctrl_p50: tail-immune. If it stays flat while
            comm avg rises, the rise is outlier iterations, not cost.
comm skew = fused_mean/max_r(ctrl_mean): charges each rank only for
            comm, not for its peers' spread (fused waits on the
            slowest producer either way).
comm abs  = fused-ctrl in us. Compare THIS across shapes -- comm_sd's
            denominator moves with K, so ratios are not comparable
            once K changes.
timing order: base,ctrl,fused (300 iters, 30 warmup)

struct = ctrl/base: cost of the kernel restructuring alone (static
scheduler, swizzle, smem carveout; comm switched off).
comm = fused/ctrl: cost of the communication alone (flag publishes,
NVLink pulls, fp16 reduction, slowest-peer tail).
worst-rank: total 1.083, comm 1.113. flux pays this to keep the
epilogue local instead of remote-writing (v1 exp3 measures that option).
