=== exp3 v2: fused GEMM+RS (flux sm90 design) vs stock GEMM ===
world 4 (1 process per GPU, cudaIPC), 8192x8192x8192 fp16 per rank
tile 128x256x64 cluster 1x2x1, mainloop stages: baseline 4, ctrl/fused 3 (DMA smem carveout)
epilogue StagesC 4 StagesD 2 (builder default; flux gemm_v3_reduce_scatter forces StagesD=1)
RS pull volume per rank: 96.0 MiB, grid 132 blocks

rank |      base us  TFLOP/s |    ctrl us |     fused us  TFLOP/s | struct   comm  total | pull GB/s | verify
   0 |       1700.1    646.7 |     1786.5 |       1901.9    578.1 |  1.051  1.065  1.119 |      52.9 | ok (rel 0.018)
   1 |       1748.1    629.0 |     1748.5 |       1918.9    573.0 |  1.000  1.097  1.098 |      52.5 | ok (rel 0.0152)
   2 |       1733.7    634.2 |     1783.8 |       1933.9    568.5 |  1.029  1.084  1.115 |      52.1 | ok (rel 0.0156)
   3 |       1711.2    642.6 |     1715.8 |       1893.6    580.7 |  1.003  1.104  1.107 |      53.2 | ok (rel 0.0156)

rank |   base p50   ctrl p50   fusd p50 | comm p50 comm avg comm skew | comm abs us
   0 |     1698.5     1736.2     1901.2 |    1.095    1.065    1.065 |     115.4
   1 |     1748.1     1742.2     1918.0 |    1.101    1.097    1.074 |     170.3
   2 |     1732.9     1755.8     1934.1 |    1.102    1.084    1.082 |     150.1
   3 |     1706.2     1709.1     1889.2 |    1.105    1.104    1.060 |     177.8
comm p50  = fused_p50/ctrl_p50: tail-immune. If it stays flat while
            comm avg rises, the rise is outlier iterations, not cost.
comm skew = fused_mean/max_r(ctrl_mean): charges each rank only for
            comm, not for its peers' spread (fused waits on the
            slowest producer either way).
comm abs  = fused-ctrl in us. Compare THIS across shapes -- comm_sd's
            denominator moves with K, so ratios are not comparable
            once K changes.
timing order: base,ctrl,fused (300 iters, 30 warmup)

struct = ctrl/base: cost of the kernel restructuring alone (static
scheduler, swizzle, smem carveout; comm switched off).
comm = fused/ctrl: cost of the communication alone (flag publishes,
NVLink pulls, fp16 reduction, slowest-peer tail).
worst-rank: total 1.119, comm 1.104. flux pays this to keep the
epilogue local instead of remote-writing (v1 exp3 measures that option).
