=== exp2: AG+GEMM overlap granularity sweep ===
world 4, GEMM on GPU 0, pull mode, single serial comm stream
GPU 0: NVIDIA H800  sm_90  132 SMs  1980 MHz
GPU 1: NVIDIA H800  sm_90  132 SMs  1980 MHz
GPU 2: NVIDIA H800  sm_90  132 SMs  1980 MHz
GPU 3: NVIDIA H800  sm_90  132 SMs  1980 MHz

--- 8192x8192x8192 fp16 (shard M=2048, AG volume 96.0 MiB): full GEMM 1685.5 us, 652.3 TFLOP/s ---
   S   rows  chunkMiB |  t_seg us  segeff |    t_comm    GB/s |  t_ovl us  TFLOPs  ovl_eff   bub% | ver
   1   2048     32.00 |    1698.0   0.993 |     599.8   167.8 |    1699.7   646.9    0.997   0.1% | -
   2   1024     16.00 |    1734.4   0.972 |     633.1   159.0 |    1740.2   631.8    0.991   0.3% | -
   4    512      8.00 |    1860.8   0.906 |     690.9   145.7 |    1868.0   588.6    0.990   0.4% | -
   8    256      4.00 |    3563.8   0.473 |     805.6   125.0 |    3582.3   306.9    0.977   0.5% | -
  16    128      2.00 |    7114.8   0.237 |    1011.4    99.5 |    7160.0   153.6    0.955   0.6% | -
  32     64      1.00 |   14229.3   0.118 |    1446.2    69.6 |   14322.1    76.8    0.936   0.7% | -

seg_eff = t_full/t_seg (segmentation-only GEMM efficiency).
ovl_eff = (t_seg + t_comm - t_ovl) / min(t_seg, t_comm); 1.0 means the
shorter phase is fully hidden. bub% = t_ovl over max(t_seg, t_comm).
The sweet spot is the S with the lowest t_ovl: finer chunks start compute
earlier but pay tile quantization + per-chunk signalling; coarser chunks
expose the first chunk's flight time.
