=== exp2: AG+GEMM overlap granularity sweep ===
world 4, GEMM on GPU 0, pull mode, one comm stream per peer
GPU 0: NVIDIA H800  sm_90  132 SMs  1980 MHz
GPU 1: NVIDIA H800  sm_90  132 SMs  1980 MHz
GPU 2: NVIDIA H800  sm_90  132 SMs  1980 MHz
GPU 3: NVIDIA H800  sm_90  132 SMs  1980 MHz

--- 8192x8192x8192 fp16 (shard M=2048, AG volume 96.0 MiB): full GEMM 1689.0 us, 651.0 TFLOP/s ---
   S   rows  chunkMiB |  t_seg us  segeff |    t_comm    GB/s |  t_ovl us  TFLOPs  ovl_eff   bub% | ver
   1   2048     32.00 |    1692.7   0.998 |     578.7   173.9 |    1863.5   590.0    0.705  10.1% | -
   2   1024     16.00 |    1747.5   0.967 |     580.0   173.6 |    1754.5   626.7    0.988   0.4% | -
   4    512      8.00 |    1858.6   0.909 |     581.2   173.2 |    1870.5   587.8    0.980   0.6% | -
   8    256      4.00 |    3561.1   0.474 |     579.5   173.7 |    3586.9   306.5    0.956   0.7% | -
  16    128      2.00 |    7122.5   0.237 |     599.0   168.1 |    7167.1   153.4    0.926   0.6% | -
  32     64      1.00 |   14248.6   0.119 |     701.1   143.6 |   14336.5    76.7    0.875   0.6% | -

--- 16384x8192x8192 fp16 (shard M=4096, AG volume 192.0 MiB): full GEMM 3399.9 us, 646.8 TFLOP/s ---
   S   rows  chunkMiB |  t_seg us  segeff |    t_comm    GB/s |  t_ovl us  TFLOPs  ovl_eff   bub% | ver
   1   4096     64.00 |    3367.8   1.010 |    1144.6   175.9 |    3700.4   594.3    0.709   9.9% | -
   2   2048     32.00 |    3381.5   1.005 |    1145.8   175.7 |    3393.4   648.0    0.990   0.4% | -
   4   1024     16.00 |    3472.2   0.979 |    1150.8   174.9 |    3486.5   630.7    0.988   0.4% | -
   8    512      8.00 |    3726.8   0.912 |    1149.8   175.1 |    3755.6   585.5    0.975   0.8% | -
  16    256      4.00 |    7141.3   0.476 |    1162.3   173.2 |    7178.5   306.3    0.968   0.5% | -
  32    128      2.00 |   14249.3   0.239 |    1162.9   173.1 |   14336.9   153.4    0.925   0.6% | -

seg_eff = t_full/t_seg (segmentation-only GEMM efficiency).
ovl_eff = (t_seg + t_comm - t_ovl) / min(t_seg, t_comm); 1.0 means the
shorter phase is fully hidden. bub% = t_ovl over max(t_seg, t_comm).
The sweet spot is the S with the lowest t_ovl: finer chunks start compute
earlier but pay tile quantization + per-chunk signalling; coarser chunks
expose the first chunk's flight time.
