=== exp3 v2: fused GEMM+RS (flux sm90 design) vs stock GEMM ===
world 4 (1 process per GPU, cudaIPC), 8192x8192x2048 fp16 per rank
tile 128x256x64 cluster 1x2x1, mainloop stages: baseline 4, ctrl/fused 3 (DMA smem carveout)
epilogue StagesC 4 StagesD 2 (builder default; flux gemm_v3_reduce_scatter forces StagesD=1)
RS pull volume per rank: 96.0 MiB, grid 132 blocks

rank |      base us  TFLOP/s |    ctrl us |     fused us  TFLOP/s | struct   comm  total | pull GB/s | verify
   0 |        470.2    584.7 |      495.1 |       1451.9    189.3 |  1.053  2.933  3.088 |      69.3 | ok (rel 0.00775)
   1 |        470.7    584.0 |      494.6 |       1447.0    190.0 |  1.051  2.926  3.074 |      69.6 | ok (rel 0.00781)
   2 |        471.3    583.2 |      494.0 |       1446.1    190.1 |  1.048  2.927  3.068 |      69.6 | ok (rel 0.00775)
   3 |        469.7    585.2 |      493.4 |       1449.3    189.7 |  1.051  2.937  3.086 |      69.5 | ok (rel 0.0116)

rank |   base p50   ctrl p50   fusd p50 | comm p50 comm avg comm skew | comm abs us
   0 |      470.7      495.0     1451.7 |    2.933    2.933    2.933 |     956.9
   1 |      470.4      494.5     1446.6 |    2.925    2.926    2.923 |     952.4
   2 |      470.8      493.9     1445.5 |    2.927    2.927    2.921 |     952.1
   3 |      469.8      493.5     1448.7 |    2.935    2.937    2.928 |     955.9
comm p50  = fused_p50/ctrl_p50: tail-immune. If it stays flat while
            comm avg rises, the rise is outlier iterations, not cost.
comm skew = fused_mean/max_r(ctrl_mean): charges each rank only for
            comm, not for its peers' spread (fused waits on the
            slowest producer either way).
comm abs  = fused-ctrl in us. Compare THIS across shapes -- comm_sd's
            denominator moves with K, so ratios are not comparable
            once K changes.
timing order: base,ctrl,fused (300 iters, 5 warmup + 500 ms)

struct = ctrl/base: cost of the kernel restructuring alone (static
scheduler, swizzle, smem carveout; comm switched off).
comm = fused/ctrl: cost of the communication alone (flag publishes,
NVLink pulls, fp16 reduction, slowest-peer tail).
worst-rank: total 3.088, comm 2.937. flux pays this to keep the
epilogue local instead of remote-writing (v1 exp3 measures that option).
