=== exp3: epilogue remote write vs local write (sm90) ===
world 4, GEMM on GPU 0, remote peer GPU 1
GPU 0: NVIDIA H800  sm_90  132 SMs  1980 MHz
GPU 1: NVIDIA H800  sm_90  132 SMs  1980 MHz
GPU 2: NVIDIA H800  sm_90  132 SMs  1980 MHz
GPU 3: NVIDIA H800  sm_90  132 SMs  1980 MHz
[note] flux sm90 GEMM+RS deliberately does NOT remote-write in the epilogue
(it TMA-stores locally and pulls); its sm80 path does. This measures that choice.

--- 64x8192x8192 fp16 (D 1 MiB, 8192.0 flop/byte-of-D) ---
epi     mode          |   us/iter       p95   slowdn  TFLOP/s |    D GB/s | ver
tma     local         |     113.0     113.4    1.000     76.0 |       9.3 | ref
tma     remote        |     117.4     117.7    1.038     73.2 |       8.9 | ok
tma     scatter-local |     444.2     444.9    3.929     19.3 |       2.4 | ok
tma     scatter       |     445.1     445.7    3.938     19.3 |       2.4 | ok
nosmem  local         |     117.3     117.8    1.000     73.2 |       8.9 | ref
nosmem  remote        |     151.2     151.9    1.288     56.8 |       6.9 | ok
nosmem  scatter-local |     444.6     445.3    3.789     19.3 |       2.4 | ok
nosmem  scatter       |     448.7     449.3    3.824     19.1 |       2.3 | ok

--- 128x8192x8192 fp16 (D 2 MiB, 8192.0 flop/byte-of-D) ---
epi     mode          |   us/iter       p95   slowdn  TFLOP/s |    D GB/s | ver
tma     local         |     113.3     113.6    1.000    151.7 |      18.5 | ref
tma     remote        |     124.5     124.8    1.099    138.0 |      16.8 | ok
tma     scatter-local |     445.5     446.3    3.933     38.6 |       4.7 | ok
tma     scatter       |     449.5     450.1    3.968     38.2 |       4.7 | ok
nosmem  local         |     124.6     125.3    1.000    137.8 |      16.8 | ref
nosmem  remote        |     199.3     200.0    1.599     86.2 |      10.5 | ok
nosmem  scatter-local |     452.0     452.8    3.627     38.0 |       4.6 | ok
nosmem  scatter       |     488.9     490.0    3.922     35.1 |       4.3 | ok

--- 256x8192x8192 fp16 (D 4 MiB, 8192.0 flop/byte-of-D) ---
epi     mode          |   us/iter       p95   slowdn  TFLOP/s |    D GB/s | ver
tma     local         |     113.4     113.9    1.000    303.1 |      37.0 | ref
tma     remote        |     138.8     139.3    1.225    247.5 |      30.2 | ok
tma     scatter-local |     446.6     447.3    3.939     76.9 |       9.4 | ok
tma     scatter       |     460.2     460.9    4.059     74.7 |       9.1 | ok
nosmem  local         |     127.4     128.1    1.000    269.7 |      32.9 | ref
nosmem  remote        |     288.4     289.2    2.264    119.1 |      14.5 | ok
nosmem  scatter-local |     464.7     465.5    3.648     73.9 |       9.0 | ok
nosmem  scatter       |     567.2     568.6    4.452     60.6 |       7.4 | ok

--- 512x8192x8192 fp16 (D 8 MiB, 8192.0 flop/byte-of-D) ---
epi     mode          |   us/iter       p95   slowdn  TFLOP/s |    D GB/s | ver
tma     local         |     117.7     118.5    1.000    583.8 |      71.3 | ref
tma     remote        |     172.0     172.9    1.462    399.5 |      48.8 | ok
tma     scatter-local |     448.0     448.8    3.806    153.4 |      18.7 | ok
tma     scatter       |     482.7     483.6    4.101    142.4 |      17.4 | ok
nosmem  local         |     135.9     136.9    1.000    505.6 |      61.7 | ref
nosmem  remote        |     472.0     473.0    3.473    145.6 |      17.8 | ok
nosmem  scatter-local |     491.5     492.4    3.617    139.8 |      17.1 | ok
nosmem  scatter       |     717.3     718.6    5.278     95.8 |      11.7 | ok

--- 1024x8192x8192 fp16 (D 16 MiB, 8192.0 flop/byte-of-D) ---
epi     mode          |   us/iter       p95   slowdn  TFLOP/s |    D GB/s | ver
tma     local         |     220.1     221.5    1.000    624.4 |      76.2 | ref
tma     remote        |     309.2     310.9    1.405    444.5 |      54.3 | ok
tma     scatter-local |     449.1     449.7    2.040    306.0 |      37.4 | ok
tma     scatter       |     526.6     527.9    2.392    261.0 |      31.9 | ok
nosmem  local         |     260.8     263.4    1.000    526.9 |      64.3 | ref
nosmem  remote        |     835.6     844.3    3.203    164.5 |      20.1 | ok
nosmem  scatter-local |     506.9     507.8    1.943    271.2 |      33.1 | ok
nosmem  scatter       |     989.2     990.0    3.792    138.9 |      17.0 | ok

--- 2048x8192x8192 fp16 (D 32 MiB, 8192.0 flop/byte-of-D) ---
epi     mode          |   us/iter       p95   slowdn  TFLOP/s |    D GB/s | ver
tma     local         |     425.4     427.2    1.000    646.1 |      78.9 | ref
tma     remote        |     550.4     553.6    1.294    499.4 |      61.0 | ok
tma     scatter-local |     465.1     466.7    1.093    591.0 |      72.1 | ok
tma     scatter       |     632.5     635.8    1.487    434.6 |      53.1 | ok
nosmem  local         |     501.6     505.5    1.000    548.0 |      66.9 | ref
nosmem  remote        |    1544.9    1552.0    3.080    177.9 |      21.7 | ok
nosmem  scatter-local |     545.3     548.0    1.087    504.1 |      61.5 | ok
nosmem  scatter       |    1549.7    1552.9    3.089    177.4 |      21.7 | ok

--- 4096x8192x8192 fp16 (D 64 MiB, 8192.0 flop/byte-of-D) ---
epi     mode          |   us/iter       p95   slowdn  TFLOP/s |    D GB/s | ver
tma     local         |     851.1     860.7    1.000    646.0 |      78.9 | ref
tma     remote        |    1132.3    1169.9    1.330    485.5 |      59.3 | ok
tma     scatter-local |     869.5     872.6    1.022    632.3 |      77.2 | ok
tma     scatter       |    1143.4    1147.9    1.344    480.8 |      58.7 | ok
nosmem  local         |     996.6    1019.4    1.000    551.7 |      67.3 | ref
nosmem  remote        |    3049.8    3078.3    3.060    180.3 |      22.0 | ok
nosmem  scatter-local |    1028.4    1032.0    1.032    534.6 |      65.3 | ok
nosmem  scatter       |    2760.2    2772.7    2.770    199.2 |      24.3 | ok

--- 16384x8192x8192 fp16 (D 256 MiB, 8192.0 flop/byte-of-D) ---
epi     mode          |   us/iter       p95   slowdn  TFLOP/s |    D GB/s | ver
tma     local         |    3385.8    3485.4    1.000    649.5 |      79.3 | ref
tma     remote        |    4460.2    4728.1    1.317    493.0 |      60.2 | ok
tma     scatter-local |    3371.9    3394.1    0.996    652.2 |      79.6 | ok
tma     scatter       |    4286.1    4358.6    1.266    513.1 |      62.6 | ok
nosmem  local         |    4206.1    4512.2    1.000    522.8 |      63.8 | ref
nosmem  remote        |   11721.0   11871.8    2.787    187.6 |      22.9 | ok
nosmem  scatter-local |    4036.1    4116.5    0.960    544.8 |      66.5 | ok
nosmem  scatter       |   10150.0   10227.9    2.413    216.7 |      26.4 | ok

--- 32768x8192x8192 fp16 (D 512 MiB, 8192.0 flop/byte-of-D) ---
epi     mode          |   us/iter       p95   slowdn  TFLOP/s |    D GB/s | ver
tma     local         |    6722.6    6855.3    1.000    654.2 |      79.9 | ref
tma     remote        |    8550.9    9108.0    1.272    514.3 |      62.8 | ok
tma     scatter-local |    6747.5    6816.6    1.004    651.8 |      79.6 | ok
tma     scatter       |    8471.7    8597.7    1.260    519.1 |      63.4 | ok
nosmem  local         |    8801.4    9575.5    1.000    499.7 |      61.0 | ref
nosmem  remote        |   23181.2   23366.1    2.634    189.7 |      23.2 | ok
nosmem  scatter-local |    8280.3    8440.0    0.941    531.1 |      64.8 | ok
nosmem  scatter       |   19992.7   20086.8    2.272    220.0 |      26.9 | ok

slowdn = iter time / same-epilogue local baseline.
remote vs local      : full NVLink write pressure from the epilogue
scatter vs scatter-local : the realistic GEMM+RS pattern (1/world local)
tma vs nosmem        : is the penalty specific to TMA descriptors over
                       peer memory, or generic to remote stores?
If 'remote' is close to 1.0, flux's sm90 pull-based RS is leaving
nothing on the table latency-wise; if it is >> 1.0, the pull design is
justified on Hopper NVLink.
