=== exp3: epilogue remote write vs local write (sm90) ===
world 4, GEMM on GPU 0, remote peer GPU 1
GPU 0: NVIDIA H800  sm_90  132 SMs  1980 MHz
GPU 1: NVIDIA H800  sm_90  132 SMs  1980 MHz
GPU 2: NVIDIA H800  sm_90  132 SMs  1980 MHz
GPU 3: NVIDIA H800  sm_90  132 SMs  1980 MHz
[note] flux sm90 GEMM+RS deliberately does NOT remote-write in the epilogue
(it TMA-stores locally and pulls); its sm80 path does. This measures that choice.

--- 8192x8192x8192 fp16 (D 128 MiB, 8192.0 flop/byte-of-D) ---
epi     mode          |   us/iter       p95   slowdn  TFLOP/s |    D GB/s | ver
tma     local         |    1743.3    1813.2    1.000    630.7 |      77.0 | -
nosmem  local         |    2072.0    2149.2    1.000    530.6 |      64.8 | -

slowdn = iter time / same-epilogue local baseline.
remote vs local      : full NVLink write pressure from the epilogue
scatter vs scatter-local : the realistic GEMM+RS pattern (1/world local)
tma vs nosmem        : is the penalty specific to TMA descriptors over
                       peer memory, or generic to remote stores?
If 'remote' is close to 1.0, flux's sm90 pull-based RS is leaving
nothing on the table latency-wise; if it is >> 1.0, the pull design is
justified on Hopper NVLink.
