=== exp3 v2: fused GEMM+RS (flux sm90 design) vs stock GEMM ===
world 4 (1 process per GPU, cudaIPC), 16384x8192x8192 fp16 per rank
tile 128x256x64 cluster 1x2x1, mainloop stages: baseline 4, ctrl/fused 3 (DMA smem carveout)
epilogue StagesC 4 StagesD 2 (builder default; flux gemm_v3_reduce_scatter forces StagesD=1)
RS pull volume per rank: 192.0 MiB, grid 132 blocks

rank |      base us  TFLOP/s |    ctrl us |     fused us  TFLOP/s | struct   comm  total | pull GB/s | verify
   0 |       3454.9    636.5 |     3431.3 |       3801.2    578.5 |  0.993  1.108  1.100 |      53.0 | ok (rel 0.018)
   1 |       3509.1    626.7 |     3484.0 |       3798.5    578.9 |  0.993  1.090  1.082 |      53.0 | ok (rel 0.0201)
   2 |       3556.4    618.3 |     3500.5 |       3812.0    576.9 |  0.984  1.089  1.072 |      52.8 | ok (rel 0.0207)
   3 |       3436.3    639.9 |     3412.3 |       3816.0    576.3 |  0.993  1.118  1.110 |      52.8 | ok (rel 0.0233)

rank |   base p50   ctrl p50   fusd p50 | comm p50 comm avg comm skew | comm abs us
   0 |     3437.2     3392.6     3706.8 |    1.093    1.108    1.086 |     369.9
   1 |     3501.7     3465.1     3751.2 |    1.083    1.090    1.085 |     314.5
   2 |     3541.2     3431.9     3769.1 |    1.098    1.089    1.089 |     311.5
   3 |     3427.8     3395.0     3707.8 |    1.092    1.118    1.090 |     403.7
comm p50  = fused_p50/ctrl_p50: tail-immune. If it stays flat while
            comm avg rises, the rise is outlier iterations, not cost.
comm skew = fused_mean/max_r(ctrl_mean): charges each rank only for
            comm, not for its peers' spread (fused waits on the
            slowest producer either way).
comm abs  = fused-ctrl in us. Compare THIS across shapes -- comm_sd's
            denominator moves with K, so ratios are not comparable
            once K changes.
timing order: fused,ctrl,base (300 iters, 30 warmup)

struct = ctrl/base: cost of the kernel restructuring alone (static
scheduler, swizzle, smem carveout; comm switched off).
comm = fused/ctrl: cost of the communication alone (flag publishes,
NVLink pulls, fp16 reduction, slowest-peer tail).
worst-rank: total 1.110, comm 1.118. flux pays this to keep the
epilogue local instead of remote-writing (v1 exp3 measures that option).
