=== exp2: AG+GEMM overlap granularity sweep ===
world 4, GEMM on GPU 0, pull mode, single serial comm stream
GPU 0: NVIDIA H800  sm_90  132 SMs  1980 MHz
GPU 1: NVIDIA H800  sm_90  132 SMs  1980 MHz
GPU 2: NVIDIA H800  sm_90  132 SMs  1980 MHz
GPU 3: NVIDIA H800  sm_90  132 SMs  1980 MHz

--- 8192x8192x8192 fp16 (shard M=2048, AG volume 96.0 MiB): full GEMM 1793.9 us, 612.9 TFLOP/s ---
   S   rows  chunkMiB |  t_seg us  segeff |    t_comm    GB/s |  t_ovl us  TFLOPs  ovl_eff   bub% | ver
   1   2048     32.00 |    1402.8   1.279 |     599.0   168.1 |    1639.1   670.8    0.605  16.8% | -
   2   1024     16.00 |    1514.9   1.184 |     629.8   159.8 |    1714.5   641.3    0.683  13.2% | -
   4    512      8.00 |    1614.9   1.111 |     685.2   146.9 |    1823.0   603.1    0.696  12.9% | -
   8    256      4.00 |    2850.1   0.629 |     787.0   127.9 |    2803.0   392.3    1.060  -1.7% | -
  16    128      2.00 |    5248.6   0.342 |     978.2   102.9 |    5270.1   208.6    0.978   0.4% | -
  32     64      1.00 |   10328.9   0.174 |    1372.8    73.3 |   10467.4   105.0    0.899   1.3% | -

seg_eff = t_full/t_seg (segmentation-only GEMM efficiency).
ovl_eff = (t_seg + t_comm - t_ovl) / min(t_seg, t_comm); 1.0 means the
shorter phase is fully hidden. bub% = t_ovl over max(t_seg, t_comm).
The sweet spot is the S with the lowest t_ovl: finer chunks start compute
earlier but pay tile quantization + per-chunk signalling; coarser chunks
expose the first chunk's flight time.
