=== exp2: AG+GEMM overlap granularity sweep ===
world 4, GEMM on GPU 0, pull mode, one comm stream per peer
GPU 0: NVIDIA H800  sm_90  132 SMs  1980 MHz
GPU 1: NVIDIA H800  sm_90  132 SMs  1980 MHz
GPU 2: NVIDIA H800  sm_90  132 SMs  1980 MHz
GPU 3: NVIDIA H800  sm_90  132 SMs  1980 MHz

--- 8192x8192x8192 fp16 (shard M=2048, AG volume 96.0 MiB): full GEMM 1798.2 us, 611.4 TFLOP/s ---
   S   rows  chunkMiB |  t_seg us  segeff |    t_comm    GB/s |  t_ovl us  TFLOPs  ovl_eff   bub% | ver
   1   2048     32.00 |    1405.4   1.280 |     577.9   174.2 |    1797.7   611.6    0.321  27.9% | -
   2   1024     16.00 |    1528.1   1.177 |     578.0   174.1 |    1702.5   645.8    0.698  11.4% | -
   4    512      8.00 |    1661.8   1.082 |     579.5   173.7 |    1823.5   603.0    0.721   9.7% | -
   8    256      4.00 |    2751.3   0.654 |     579.9   173.6 |    2804.2   392.1    0.909   1.9% | -
  16    128      2.00 |    5223.4   0.344 |     582.0   173.0 |    5270.1   208.6    0.920   0.9% | -
  32     64      1.00 |   10359.3   0.174 |     672.2   149.8 |   10470.1   105.0    0.835   1.1% | -

--- 16384x8192x8192 fp16 (shard M=4096, AG volume 192.0 MiB): full GEMM 3620.0 us, 607.5 TFLOP/s ---
   S   rows  chunkMiB |  t_seg us  segeff |    t_comm    GB/s |  t_ovl us  TFLOPs  ovl_eff   bub% | ver
   1   4096     64.00 |    2970.2   1.219 |    1143.8   176.0 |    3722.3   590.8    0.342  25.3% | -
   2   2048     32.00 |    2838.0   1.276 |    1144.3   175.9 |    3272.4   672.0    0.620  15.3% | -
   4   1024     16.00 |    3048.8   1.187 |    1145.4   175.8 |    3376.8   651.2    0.714  10.8% | -
   8    512      8.00 |    3260.9   1.110 |    1151.2   174.9 |    3637.2   604.6    0.673  11.5% | -
  16    256      4.00 |    5460.3   0.663 |    1153.5   174.5 |    5611.4   391.9    0.869   2.8% | -
  32    128      2.00 |   10492.4   0.345 |    1160.8   173.4 |   10590.8   207.6    0.915   0.9% | -

seg_eff = t_full/t_seg (segmentation-only GEMM efficiency).
ovl_eff = (t_seg + t_comm - t_ovl) / min(t_seg, t_comm); 1.0 means the
shorter phase is fully hidden. bub% = t_ovl over max(t_seg, t_comm).
The sweet spot is the S with the lowest t_ovl: finer chunks start compute
earlier but pay tile quantization + per-chunk signalling; coarser chunks
expose the first chunk's flight time.
