=== exp2: AG+GEMM overlap granularity sweep ===
world 4, GEMM on GPU 0, push mode, one comm stream per peer
GPU 0: NVIDIA H800  sm_90  132 SMs  1980 MHz
GPU 1: NVIDIA H800  sm_90  132 SMs  1980 MHz
GPU 2: NVIDIA H800  sm_90  132 SMs  1980 MHz
GPU 3: NVIDIA H800  sm_90  132 SMs  1980 MHz

--- 8192x8192x8192 fp16 (shard M=2048, AG volume 96.0 MiB): full GEMM 1783.9 us, 616.3 TFLOP/s ---
   S   rows  chunkMiB |  t_seg us  segeff |    t_comm    GB/s |  t_ovl us  TFLOPs  ovl_eff   bub% | ver
   1   2048     32.00 |    1455.8   1.225 |     575.5   174.9 |    1801.6   610.3    0.399  23.8% | -
   2   1024     16.00 |    1546.5   1.154 |     575.4   175.0 |    1708.3   643.6    0.719  10.5% | -
   4    512      8.00 |    1620.6   1.101 |     575.5   174.9 |    1829.0   601.2    0.638  12.9% | -
   8    256      4.00 |    2857.2   0.624 |     575.1   175.0 |    2809.0   391.4    1.084  -1.7% | -
  16    128      2.00 |    5279.2   0.338 |     575.1   175.0 |    5287.0   208.0    0.986   0.1% | -
  32     64      1.00 |   10342.0   0.172 |     578.7   173.9 |   10487.3   104.8    0.749   1.4% | -

seg_eff = t_full/t_seg (segmentation-only GEMM efficiency).
ovl_eff = (t_seg + t_comm - t_ovl) / min(t_seg, t_comm); 1.0 means the
shorter phase is fully hidden. bub% = t_ovl over max(t_seg, t_comm).
The sweet spot is the S with the lowest t_ovl: finer chunks start compute
earlier but pay tile quantization + per-chunk signalling; coarser chunks
expose the first chunk's flight time.
