=== exp3: epilogue remote write vs local write (sm90) ===
world 4, GEMM on GPU 0, remote peer GPU 1
GPU 0: NVIDIA H800  sm_90  132 SMs  1980 MHz
GPU 1: NVIDIA H800  sm_90  132 SMs  1980 MHz
GPU 2: NVIDIA H800  sm_90  132 SMs  1980 MHz
GPU 3: NVIDIA H800  sm_90  132 SMs  1980 MHz
[note] flux sm90 GEMM+RS deliberately does NOT remote-write in the epilogue
(it TMA-stores locally and pulls); its sm80 path does. This measures that choice.

--- 64x8192x8192 fp16 (D 1 MiB, 8192.0 flop/byte-of-D) ---
epi     mode          |   us/iter       p95   slowdn  TFLOP/s |    D GB/s | ver
tma     local         |      82.3      82.8    1.000    104.4 |      12.7 | ref
tma     remote        |      87.1      87.4    1.058     98.7 |      12.0 | ok
tma     scatter-local |     321.0     322.1    3.900     26.8 |       3.3 | ok
tma     scatter       |     322.5     323.5    3.918     26.6 |       3.3 | ok
nosmem  local         |      85.4      85.9    1.000    100.6 |      12.3 | ref
nosmem  remote        |     120.6     121.3    1.412     71.2 |       8.7 | ok
nosmem  scatter-local |     322.4     323.5    3.775     26.6 |       3.3 | ok
nosmem  scatter       |     327.0     327.6    3.829     26.3 |       3.2 | ok

--- 128x8192x8192 fp16 (D 2 MiB, 8192.0 flop/byte-of-D) ---
epi     mode          |   us/iter       p95   slowdn  TFLOP/s |    D GB/s | ver
tma     local         |      82.6      83.2    1.000    207.9 |      25.4 | ref
tma     remote        |      94.1      94.4    1.138    182.6 |      22.3 | ok
tma     scatter-local |     325.4     326.5    3.937     52.8 |       6.4 | ok
tma     scatter       |     330.1     330.6    3.994     52.0 |       6.4 | ok
nosmem  local         |      91.2      92.1    1.000    188.4 |      23.0 | ref
nosmem  remote        |     168.9     169.4    1.851    101.7 |      12.4 | ok
nosmem  scatter-local |     328.1     328.8    3.598     52.4 |       6.4 | ok
nosmem  scatter       |     367.1     368.4    4.025     46.8 |       5.7 | ok

--- 256x8192x8192 fp16 (D 4 MiB, 8192.0 flop/byte-of-D) ---
epi     mode          |   us/iter       p95   slowdn  TFLOP/s |    D GB/s | ver
tma     local         |      87.6      88.9    1.000    392.2 |      47.9 | ref
tma     remote        |     111.6     113.7    1.274    307.9 |      37.6 | ok
tma     scatter-local |     326.7     327.9    3.730    105.2 |      12.8 | ok
tma     scatter       |     340.8     341.3    3.890    100.8 |      12.3 | ok
nosmem  local         |      97.3      98.3    1.000    353.0 |      43.1 | ref
nosmem  remote        |     261.7     262.6    2.688    131.3 |      16.0 | ok
nosmem  scatter-local |     340.2     341.5    3.495    101.0 |      12.3 | ok
nosmem  scatter       |     445.4     446.7    4.576     77.1 |       9.4 | ok

--- 512x8192x8192 fp16 (D 8 MiB, 8192.0 flop/byte-of-D) ---
epi     mode          |   us/iter       p95   slowdn  TFLOP/s |    D GB/s | ver
tma     local         |     113.9     115.1    1.000    603.5 |      73.7 | ref
tma     remote        |     164.8     170.6    1.447    417.0 |      50.9 | ok
tma     scatter-local |     332.7     366.0    2.922    206.6 |      25.2 | ok
tma     scatter       |     363.5     364.9    3.193    189.0 |      23.1 | ok
nosmem  local         |     130.2     132.0    1.000    527.8 |      64.4 | ref
nosmem  remote        |     461.5     467.2    3.544    148.9 |      18.2 | ok
nosmem  scatter-local |     360.6     360.1    2.769    190.6 |      23.3 | ok
nosmem  scatter       |     593.2     594.5    4.556    115.8 |      14.1 | ok

--- 1024x8192x8192 fp16 (D 16 MiB, 8192.0 flop/byte-of-D) ---
epi     mode          |   us/iter       p95   slowdn  TFLOP/s |    D GB/s | ver
tma     local         |     210.2     213.0    1.000    653.8 |      79.8 | ref
tma     remote        |     290.7     300.3    1.383    472.9 |      57.7 | ok
tma     scatter-local |     348.0     371.4    1.655    395.0 |      48.2 | ok
tma     scatter       |     417.0     420.9    1.984    329.6 |      40.2 | ok
nosmem  local         |     240.8     243.3    1.000    570.8 |      69.7 | ref
nosmem  remote        |     811.5     821.0    3.370    169.4 |      20.7 | ok
nosmem  scatter-local |     387.5     390.4    1.609    354.7 |      43.3 | ok
nosmem  scatter       |     879.5     882.2    3.652    156.3 |      19.1 | ok

--- 2048x8192x8192 fp16 (D 32 MiB, 8192.0 flop/byte-of-D) ---
epi     mode          |   us/iter       p95   slowdn  TFLOP/s |    D GB/s | ver
tma     local         |     406.4     413.8    1.000    676.4 |      82.6 | ref
tma     remote        |     516.2     522.8    1.270    532.5 |      65.0 | ok
tma     scatter-local |     447.9     456.6    1.102    613.7 |      74.9 | ok
tma     scatter       |     604.9     611.8    1.489    454.4 |      55.5 | ok
nosmem  local         |     461.7     466.2    1.000    595.4 |      72.7 | ref
nosmem  remote        |    1516.5    1521.7    3.285    181.3 |      22.1 | ok
nosmem  scatter-local |     514.4     520.9    1.114    534.3 |      65.2 | ok
nosmem  scatter       |    1489.6    1515.6    3.226    184.5 |      22.5 | ok

--- 4096x8192x8192 fp16 (D 64 MiB, 8192.0 flop/byte-of-D) ---
epi     mode          |   us/iter       p95   slowdn  TFLOP/s |    D GB/s | ver
tma     local         |     843.4     874.9    1.000    651.8 |      79.6 | ref
tma     remote        |    1067.4    1109.7    1.266    515.0 |      62.9 | ok
tma     scatter-local |     839.7     851.2    0.996    654.7 |      79.9 | ok
tma     scatter       |    1086.7    1096.8    1.289    505.9 |      61.8 | ok
nosmem  local         |     964.9     980.0    1.000    569.8 |      69.6 | ref
nosmem  remote        |    2975.2    2992.4    3.083    184.8 |      22.6 | ok
nosmem  scatter-local |     955.5     966.3    0.990    575.4 |      70.2 | ok
nosmem  scatter       |    2651.1    2657.1    2.748    207.4 |      25.3 | ok

--- 16384x8192x8192 fp16 (D 256 MiB, 8192.0 flop/byte-of-D) ---
epi     mode          |   us/iter       p95   slowdn  TFLOP/s |    D GB/s | ver
tma     local         |    3408.2    3559.7    1.000    645.2 |      78.8 | ref
tma     remote        |    4237.8    4508.9    1.243    518.9 |      63.3 | ok
tma     scatter-local |    3350.2    3439.4    0.983    656.4 |      80.1 | ok
tma     scatter       |    4114.4    4183.1    1.207    534.5 |      65.2 | ok
nosmem  local         |    4041.7    4366.7    1.000    544.1 |      66.4 | ref
nosmem  remote        |   11556.0   11636.5    2.859    190.3 |      23.2 | ok
nosmem  scatter-local |    3855.8    3882.0    0.954    570.3 |      69.6 | ok
nosmem  scatter       |    9902.4    9959.0    2.450    222.1 |      27.1 | ok

--- 32768x8192x8192 fp16 (D 512 MiB, 8192.0 flop/byte-of-D) ---
epi     mode          |   us/iter       p95   slowdn  TFLOP/s |    D GB/s | ver
tma     local         |    6641.1    6761.3    1.000    662.2 |      80.8 | ref
tma     remote        |    8186.5    9007.4    1.233    537.2 |      65.6 | ok
tma     scatter-local |    6700.8    6743.4    1.009    656.3 |      80.1 | ok
tma     scatter       |    8099.1    8276.8    1.220    543.0 |      66.3 | ok
nosmem  local         |    8248.3    9540.7    1.000    533.2 |      65.1 | ref
nosmem  remote        |   22930.3   23038.9    2.780    191.8 |      23.4 | ok
nosmem  scatter-local |    7785.1    7941.7    0.944    564.9 |      69.0 | ok
nosmem  scatter       |   19556.4   19634.1    2.371    224.9 |      27.5 | ok

slowdn = iter time / same-epilogue local baseline.
remote vs local      : full NVLink write pressure from the epilogue
scatter vs scatter-local : the realistic GEMM+RS pattern (1/world local)
tma vs nosmem        : is the penalty specific to TMA descriptors over
                       peer memory, or generic to remote stores?
If 'remote' is close to 1.0, flux's sm90 pull-based RS is leaving
nothing on the table latency-wise; if it is >> 1.0, the pull design is
justified on Hopper NVLink.
