=== push-vs-pull completion signalling, 32-way logical fan-in max ===
target GPU 0 (NVIDIA H20), 3 source GPU(s): 1 2 3
rounds 300 (+50 warmup)   threads/CTA 256   slot stride 131072 B
clock64 calibration: 1829.0 cycles/us (lock clocks or this drifts with DVFS)

=== signal ===
 fanin       size     min(us)     p50(us)     p95(us)     p99(us)   verify
     1          -        2.50        2.71        2.71        2.72   skip
     2          -        2.70        2.72        2.93        2.94   skip
     4          -        2.71        2.72        2.94        2.94   skip
     8          -        2.71        2.72        2.94        2.94   skip
    16          -        2.73        2.96        3.59        3.60   skip
    32          -        2.72        3.55        3.76        3.78   skip

=== post ===
 fanin       size     min(us)     p50(us)     p95(us)     p99(us)   verify
     1       4096        2.50        2.70        2.71        2.73   ok
     1       8192        2.50        2.71        2.71        2.72   ok
     1      16384        2.50        2.70        2.71        2.73   ok
     1      32768        2.50        2.71        2.71        2.72   ok
     1      65536        2.50        2.71        2.71        2.72   ok
     1     131072        2.50        2.71        2.71        2.72   ok
     2       4096        2.53        2.71        2.72        2.74   ok
     2       8192        2.70        2.71        2.73        2.92   ok
     2      16384        2.70        2.71        2.73        2.92   ok
     2      32768        2.70        2.71        2.92        2.92   ok
     2      65536        2.70        2.71        2.92        2.92   ok
     2     131072        2.70        2.71        2.92        2.92   ok
     4       4096        2.71        2.72        2.92        2.93   ok
     4       8192        2.71        2.72        2.74        2.93   ok
     4      16384        2.54        2.72        2.74        2.93   ok
     4      32768        2.71        2.72        2.74        2.93   ok
     4      65536        2.71        2.72        3.55        3.57   ok
     4     131072        2.71        2.72        2.93        2.94   ok
     8       4096        2.71        2.72        2.75        2.94   ok
     8       8192        2.71        2.72        2.74        2.75   ok
     8      16384        2.71        2.72        2.73        2.75   ok
     8      32768        2.71        2.72        2.74        2.76   ok
     8      65536        2.71        2.72        2.73        2.75   ok
     8     131072        2.71        2.72        4.38        4.39   ok
    16       4096        2.73        2.74        4.41        4.60   ok
    16       8192        2.73        2.74        3.37        3.38   ok
    16      16384        2.73        3.38        4.23        4.43   ok
    16      32768        2.73        3.36        3.59        3.60   ok
    16      65536        2.73        2.75        3.58        3.59   ok
    16     131072        2.73        2.95        3.58        3.59   ok
    32       4096        2.70        3.34        3.59        3.62   ok
    32       8192        2.70        3.36        3.60        3.79   ok
    32      16384        2.70        3.35        3.58        3.61   ok
    32      32768        2.70        3.36        3.59        3.61   ok
    32      65536        2.70        2.93        3.57        3.59   ok
    32     131072        2.70        3.36        3.59        3.77   ok

=== push ===
 fanin       size     min(us)     p50(us)     p95(us)     p99(us)   verify
     1       4096        3.12        3.33        3.33        3.33   ok
     1       8192        3.32        3.53        3.54        3.54   ok
     1      16384        3.77        3.95        4.15        4.16   ok
     1      32768        4.56        4.77        4.98        4.98   ok
     1      65536        6.21        6.62        6.64        6.83   ok
     1     131072        9.50        9.91       10.12       10.13   ok
     2       4096        3.32        3.33        3.54        3.54   ok
     2       8192        3.53        3.54        3.75        3.75   ok
     2      16384        3.94        3.95        4.16        4.16   ok
     2      32768        4.76        4.98        4.99        4.99   ok
     2      65536        6.41        6.63        6.84        6.85   ok
     2     131072        9.71       10.12       10.33       10.34   ok
     4       4096        3.32        3.34        3.55        3.55   ok
     4       8192        3.53        3.55        3.76        3.76   ok
     4      16384        3.94        4.17        4.58        4.79   ok
     4      32768        4.77        4.98        5.00        5.00   ok
     4      65536        6.41        6.64        6.85        6.85   ok
     4     131072        9.91       10.13       10.34       10.35   ok
     8       4096        3.32        3.35        3.55        3.56   ok
     8       8192        3.53        3.75        3.77        3.78   ok
     8      16384        4.15        4.16        4.18        4.18   ok
     8      32768        4.97        4.99        5.20        5.21   ok
     8      65536        6.62        6.84        6.86        7.05   ok
     8     131072        9.94       10.15       10.54       10.56   ok
    16       4096        3.39        3.58        4.82        4.83   ok
    16       8192        3.61        3.78        3.81        3.82   ok
    16      16384        4.18        4.20        4.22        4.25   ok
    16      32768        5.01        5.04        6.10        6.28   ok
    16      65536        6.68        6.90        6.93        7.10   ok
    16     131072       10.03       10.44       11.29       11.71   ok
    32       4096        3.45        3.62        3.65        3.67   ok
    32       8192        3.91        3.93        4.02        4.15   ok
    32      16384        4.63        4.67        4.76        4.86   ok
    32      32768        6.12        6.19        6.30        6.38   ok
    32      65536        8.88        9.08        9.14        9.16   ok
    32     131072       14.55       14.61       14.79       14.81   ok

=== push_fence ===
 fanin       size     min(us)     p50(us)     p95(us)     p99(us)   verify
     1       4096        3.12        3.33        3.33        3.33   ok
     1       8192        3.32        3.53        3.54        3.55   ok
     1      16384        3.77        3.95        4.15        4.16   ok
     1      32768        4.56        4.77        4.98        4.98   ok
     1      65536        6.21        6.62        6.63        6.83   ok
     1     131072        9.50        9.91       10.12       10.14   ok
     2       4096        3.32        3.33        3.54        3.54   ok
     2       8192        3.53        3.54        3.75        3.75   ok
     2      16384        3.94        3.96        4.16        4.17   ok
     2      32768        4.76        4.98        4.99        5.00   ok
     2      65536        6.41        6.63        6.84        6.85   ok
     2     131072        9.71       10.12       10.33       10.34   ok
     4       4096        3.32        3.34        3.55        3.56   ok
     4       8192        3.53        3.75        3.76        3.76   ok
     4      16384        3.94        4.16        4.17        4.18   ok
     4      32768        4.77        4.98        5.00        5.01   ok
     4      65536        6.61        6.64        6.85        6.86   ok
     4     131072        9.91       10.13       10.35       10.35   ok
     8       4096        3.32        3.54        3.56        3.57   ok
     8       8192        3.53        3.75        3.77        3.78   ok
     8      16384        4.15        4.16        4.18        4.19   ok
     8      32768        4.97        4.99        5.20        5.21   ok
     8      65536        6.62        6.84        8.08        8.10   ok
     8     131072       10.12       10.34       10.56       10.78   ok
    16       4096        3.37        3.57        3.60        3.61   ok
    16       8192        3.60        3.78        3.81        3.82   ok
    16      16384        4.18        4.19        4.23        4.40   ok
    16      32768        5.00        5.04        5.25        5.26   ok
    16      65536        6.69        6.90        7.11        7.14   ok
    16     131072       10.20       10.44       10.89       11.08   ok
    32       4096        3.48        3.62        3.76        3.82   ok
    32       8192        3.91        3.95        4.16        4.20   ok
    32      16384        4.63        4.74        5.72        5.79   ok
    32      32768        6.10        6.22        7.02        7.06   ok
    32      65536        8.87        9.09        9.27        9.30   ok
    32     131072       14.55       14.77       15.01       15.68   ok

=== pull ===
 fanin       size     min(us)     p50(us)     p95(us)     p99(us)   verify
     1       4096        2.26        2.27        2.27        2.28   ok
     1       8192        3.15        3.16        3.17        3.17   ok
     1      16384        4.91        4.93        4.94        4.95   ok
     1      32768        8.42        8.47        8.50        8.50   ok
     1      65536       15.40       15.45       15.49       15.51   ok
     1     131072       29.30       29.39       29.46       29.48   ok
     2       4096        2.60        2.68        2.69        2.71   ok
     2       8192        3.45        3.57        3.59        3.72   ok
     2      16384        5.22        5.34        5.36        5.41   ok
     2      32768        8.73        8.88        8.92        8.96   ok
     2      65536       15.73       15.86       15.92       15.96   ok
     2     131072       29.69       29.80       29.87       29.94   ok
     4       4096        3.05        3.14        3.29        3.31   ok
     4       8192        3.79        3.81        3.99        4.09   ok
     4      16384        5.55        5.73        5.85        5.99   ok
     4      32768        9.54        9.72        9.89        9.91   ok
     4      65536       16.66       16.82       16.91       17.00   ok
     4     131072       31.44       31.67       31.80       31.92   ok
     8       4096        2.99        3.18        3.33        3.40   ok
     8       8192        4.01        4.09        4.25        4.26   ok
     8      16384        5.88        5.97        6.13        6.15   ok
     8      32768        9.59        9.79        9.90        9.97   ok
     8      65536       16.93       17.30       17.40       17.47   ok
     8     131072       31.69       31.91       32.08       32.15   ok
    16       4096        3.13        3.31        3.44        3.46   ok
    16       8192        4.06        4.20        4.43        4.47   ok
    16      16384        5.96        6.07        6.30        6.43   ok
    16      32768        9.68        9.91        9.99       10.03   ok
    16      65536       17.14       17.30       17.48       17.54   ok
    16     131072       31.92       32.15       32.33       32.40   ok
    32       4096        3.41        3.61        3.73        3.77   ok
    32       8192        4.32        4.56        4.67        4.73   ok
    32      16384        6.20        6.38        6.53        6.57   ok
    32      32768        9.94       10.09       10.21       10.27   ok
    32      65536       17.39       17.59       17.79       17.83   ok
    32     131072       32.23       32.47       32.61       32.68   ok

